
  .   ____          _            __ _ _
 /\\ / ___'_ __ _ _(_)_ __  __ _ \ \ \ \
( ( )\___ | '_ | '_| | '_ \/ _` | \ \ \ \
 \\/  ___)| |_)| | | | | || (_| |  ) ) ) )
  '  |____| .__|_| |_|_| |_\__, | / / / /
 =========|_|==============|___/=/_/_/_/

 :: Spring Boot ::               (v3.5.11)

2026-05-13T23:51:45.864+08:00  INFO 81024 --- [traceability-backend] [           main] e.j.a.TraceabilityBackendApplication     : Starting TraceabilityBackendApplication v0.0.1-SNAPSHOT using Java 21.0.4 with PID 81024 (D:\Users\Lenovo\Desktop\traceability-system\backend\target\traceability-backend-0.0.1-SNAPSHOT.jar started by 神原秋人 in D:\Users\Lenovo\Desktop\traceability-system\backend)
2026-05-13T23:51:45.868+08:00  INFO 81024 --- [traceability-backend] [           main] e.j.a.TraceabilityBackendApplication     : The following 1 profile is active: "demo"
2026-05-13T23:51:48.389+08:00  INFO 81024 --- [traceability-backend] [           main] .s.d.r.c.RepositoryConfigurationDelegate : Multiple Spring Data modules found, entering strict repository configuration mode
2026-05-13T23:51:48.400+08:00  INFO 81024 --- [traceability-backend] [           main] .s.d.r.c.RepositoryConfigurationDelegate : Bootstrapping Spring Data Redis repositories in DEFAULT mode.
2026-05-13T23:51:48.471+08:00  INFO 81024 --- [traceability-backend] [           main] .s.d.r.c.RepositoryConfigurationDelegate : Finished Spring Data repository scanning in 33 ms. Found 0 Redis repository interfaces.
2026-05-13T23:51:49.884+08:00  INFO 81024 --- [traceability-backend] [           main] o.s.b.w.embedded.tomcat.TomcatWebServer  : Tomcat initialized with port 8080 (http)
2026-05-13T23:51:49.905+08:00  INFO 81024 --- [traceability-backend] [           main] o.apache.catalina.core.StandardService   : Starting service [Tomcat]
2026-05-13T23:51:49.906+08:00  INFO 81024 --- [traceability-backend] [           main] o.apache.catalina.core.StandardEngine    : Starting Servlet engine: [Apache Tomcat/10.1.52]
2026-05-13T23:51:49.959+08:00  INFO 81024 --- [traceability-backend] [           main] o.a.c.c.C.[Tomcat].[localhost].[/]       : Initializing Spring embedded WebApplicationContext
2026-05-13T23:51:49.961+08:00  INFO 81024 --- [traceability-backend] [           main] w.s.c.ServletWebServerApplicationContext : Root WebApplicationContext: initialization completed in 4006 ms
 _ _   |_  _ _|_. ___ _ |    _ 
| | |\/|_)(_| | |_\  |_)||_|_\ 
     /               |         
                        3.5.7 
2026-05-13T23:51:50.908+08:00  INFO 81024 --- [traceability-backend] [           main] com.zaxxer.hikari.HikariDataSource       : HikariPool-1 - Starting...
2026-05-13T23:51:51.373+08:00  INFO 81024 --- [traceability-backend] [           main] com.zaxxer.hikari.pool.HikariPool        : HikariPool-1 - Added connection conn0: url=jdbc:h2:mem:agritrace_demo user=SA
2026-05-13T23:51:51.375+08:00  INFO 81024 --- [traceability-backend] [           main] com.zaxxer.hikari.HikariDataSource       : HikariPool-1 - Start completed.
2026-05-13T23:51:54.616+08:00  INFO 81024 --- [traceability-backend] [           main] o.s.b.a.e.web.EndpointLinksResolver      : Exposing 1 endpoint beneath base path '/actuator'
2026-05-13T23:51:56.935+08:00  INFO 81024 --- [traceability-backend] [           main] o.s.b.w.embedded.tomcat.TomcatWebServer  : Tomcat started on port 8080 (http) with context path '/'
2026-05-13T23:51:56.957+08:00  INFO 81024 --- [traceability-backend] [           main] e.j.a.TraceabilityBackendApplication     : Started TraceabilityBackendApplication in 11.841 seconds (process running for 12.743)
2026-05-13T23:51:57.265+08:00  WARN 81024 --- [traceability-backend] [           main] o.s.core.events.SpringDocAppInitializer  : SpringDoc /v3/api-docs endpoint is enabled by default. To disable it in production, set the property 'springdoc.api-docs.enabled=false'
2026-05-13T23:51:57.266+08:00  WARN 81024 --- [traceability-backend] [           main] o.s.core.events.SpringDocAppInitializer  : SpringDoc /swagger-ui.html endpoint is enabled by default. To disable it in production, set the property 'springdoc.swagger-ui.enabled=false'
2026-05-13T23:51:58.477+08:00  INFO 81024 --- [traceability-backend] [nio-8080-exec-1] o.a.c.c.C.[Tomcat].[localhost].[/]       : Initializing Spring DispatcherServlet 'dispatcherServlet'
2026-05-13T23:51:58.478+08:00  INFO 81024 --- [traceability-backend] [nio-8080-exec-1] o.s.web.servlet.DispatcherServlet        : Initializing Servlet 'dispatcherServlet'
2026-05-13T23:51:58.479+08:00  INFO 81024 --- [traceability-backend] [nio-8080-exec-1] o.s.web.servlet.DispatcherServlet        : Completed initialization in 1 ms
