
  .   ____          _            __ _ _
 /\\ / ___'_ __ _ _(_)_ __  __ _ \ \ \ \
( ( )\___ | '_ | '_| | '_ \/ _` | \ \ \ \
 \\/  ___)| |_)| | | | | || (_| |  ) ) ) )
  '  |____| .__|_| |_|_| |_\__, | / / / /
 =========|_|==============|___/=/_/_/_/

 :: Spring Boot ::               (v3.5.11)

2026-05-21T11:26:45.694+08:00  INFO 226180 --- [traceability-backend] [           main] e.j.a.TraceabilityBackendApplication     : Starting TraceabilityBackendApplication v0.0.1-SNAPSHOT using Java 21.0.4 with PID 226180 (D:\Users\Lenovo\Desktop\traceability-system\backend\target\traceability-backend-0.0.1-SNAPSHOT.jar started by 神原秋人 in D:\Users\Lenovo\Desktop\traceability-system\backend)
2026-05-21T11:26:45.700+08:00  INFO 226180 --- [traceability-backend] [           main] e.j.a.TraceabilityBackendApplication     : The following 1 profile is active: "demo"
2026-05-21T11:26:49.025+08:00  INFO 226180 --- [traceability-backend] [           main] .s.d.r.c.RepositoryConfigurationDelegate : Multiple Spring Data modules found, entering strict repository configuration mode
2026-05-21T11:26:49.033+08:00  INFO 226180 --- [traceability-backend] [           main] .s.d.r.c.RepositoryConfigurationDelegate : Bootstrapping Spring Data Redis repositories in DEFAULT mode.
2026-05-21T11:26:49.149+08:00  INFO 226180 --- [traceability-backend] [           main] .s.d.r.c.RepositoryConfigurationDelegate : Finished Spring Data repository scanning in 63 ms. Found 0 Redis repository interfaces.
2026-05-21T11:26:50.871+08:00  INFO 226180 --- [traceability-backend] [           main] o.s.b.w.embedded.tomcat.TomcatWebServer  : Tomcat initialized with port 8080 (http)
2026-05-21T11:26:50.902+08:00  INFO 226180 --- [traceability-backend] [           main] o.apache.catalina.core.StandardService   : Starting service [Tomcat]
2026-05-21T11:26:50.903+08:00  INFO 226180 --- [traceability-backend] [           main] o.apache.catalina.core.StandardEngine    : Starting Servlet engine: [Apache Tomcat/10.1.52]
2026-05-21T11:26:50.980+08:00  INFO 226180 --- [traceability-backend] [           main] o.a.c.c.C.[Tomcat].[localhost].[/]       : Initializing Spring embedded WebApplicationContext
2026-05-21T11:26:50.983+08:00  INFO 226180 --- [traceability-backend] [           main] w.s.c.ServletWebServerApplicationContext : Root WebApplicationContext: initialization completed in 5153 ms
 _ _   |_  _ _|_. ___ _ |    _ 
| | |\/|_)(_| | |_\  |_)||_|_\ 
     /               |         
                        3.5.7 
2026-05-21T11:26:52.022+08:00  INFO 226180 --- [traceability-backend] [           main] com.zaxxer.hikari.HikariDataSource       : HikariPool-1 - Starting...
2026-05-21T11:26:52.788+08:00  INFO 226180 --- [traceability-backend] [           main] com.zaxxer.hikari.pool.HikariPool        : HikariPool-1 - Added connection conn0: url=jdbc:h2:mem:agritrace_demo user=SA
2026-05-21T11:26:52.797+08:00  INFO 226180 --- [traceability-backend] [           main] com.zaxxer.hikari.HikariDataSource       : HikariPool-1 - Start completed.
2026-05-21T11:26:56.696+08:00  INFO 226180 --- [traceability-backend] [           main] o.s.b.a.e.web.EndpointLinksResolver      : Exposing 1 endpoint beneath base path '/actuator'
2026-05-21T11:26:59.268+08:00  INFO 226180 --- [traceability-backend] [           main] o.s.b.w.embedded.tomcat.TomcatWebServer  : Tomcat started on port 8080 (http) with context path '/'
2026-05-21T11:26:59.290+08:00  INFO 226180 --- [traceability-backend] [           main] e.j.a.TraceabilityBackendApplication     : Started TraceabilityBackendApplication in 14.559 seconds (process running for 15.776)
2026-05-21T11:26:59.706+08:00  WARN 226180 --- [traceability-backend] [           main] o.s.core.events.SpringDocAppInitializer  : SpringDoc /v3/api-docs endpoint is enabled by default. To disable it in production, set the property 'springdoc.api-docs.enabled=false'
2026-05-21T11:26:59.707+08:00  WARN 226180 --- [traceability-backend] [           main] o.s.core.events.SpringDocAppInitializer  : SpringDoc /swagger-ui.html endpoint is enabled by default. To disable it in production, set the property 'springdoc.swagger-ui.enabled=false'
2026-05-21T11:27:39.513+08:00  INFO 226180 --- [traceability-backend] [nio-8080-exec-3] o.a.c.c.C.[Tomcat].[localhost].[/]       : Initializing Spring DispatcherServlet 'dispatcherServlet'
2026-05-21T11:27:39.514+08:00  INFO 226180 --- [traceability-backend] [nio-8080-exec-3] o.s.web.servlet.DispatcherServlet        : Initializing Servlet 'dispatcherServlet'
2026-05-21T11:27:39.517+08:00  INFO 226180 --- [traceability-backend] [nio-8080-exec-3] o.s.web.servlet.DispatcherServlet        : Completed initialization in 2 ms
2026-05-21T19:40:13.434+08:00  WARN 226180 --- [traceability-backend] [l-1:housekeeper] com.zaxxer.hikari.pool.HikariPool        : HikariPool-1 - Thread starvation or clock leap detected (housekeeper delta=1h39m11s739ms89µs200ns).
